Last login: Tue Jul 25 23:09:35 on ttys000

The default interactive shell is now zsh.
To update your account to use zsh, please run `chsh -s /bin/zsh`.
For more details, please visit https://support.apple.com/kb/HT208050.
(base) nishiokenjinoMacBook-puro:~ nishiokenji$ cd git_challenge
(base) nishiokenjinoMacBook-puro:git_challenge nishiokenji$ echo “hello,world” >> hello_world.txt
(base) nishiokenjinoMacBook-puro:git_challenge nishiokenji$ git add hello_world.txt
(base) nishiokenjinoMacBook-puro:git_challenge nishiokenji$ git commit -m “最初のコミット”
[master 27af9bb] “最初のコミット”
 1 file changed, 1 deletion(-)
(base) nishiokenjinoMacBook-puro:git_challenge nishiokenji$ git status
On branch master
nothing to commit, working tree clean
(base) nishiokenjinoMacBook-puro:git_challenge nishiokenji$ echo “こんにちは”、世界 >> hello_world.txt
(base) nishiokenjinoMacBook-puro:git_challenge nishiokenji$ git add .
(base) nishiokenjinoMacBook-puro:git_challenge nishiokenji$ git commit -m “日本語訳を追記”
[master 0c11edf] “日本語訳を追記”
 1 file changed, 1 insertion(+)
(base) nishiokenjinoMacBook-puro:git_challenge nishiokenji$ git commit -m “hello_world.txtを追加”
On branch master
nothing to commit, working tree clean
(base) nishiokenjinoMacBook-puro:git_challenge nishiokenji$ git status
On branch master
nothing to commit, working tree clean
(base) nishiokenjinoMacBook-puro:git_challenge nishiokenji$ git log
commit 0c11edf6a4c84ce6dc70774d40b11570333a9e58 (HEAD -> master)
Author: “パンダ7805” <“kn7805@icloud.com”>
Date:   Tue Jul 25 23:20:04 2023 +0900

    “日本語訳を追記”

commit 27af9bb2fcd0f60eac2446d0cfc27e8bc6f54364
Author: “パンダ7805” <“kn7805@icloud.com”>
Date:   Tue Jul 25 23:17:17 2023 +0900

    “最初のコミット”
